1 ADIL 328
2 AMIX 656
3 AMOD 984
4 AZI 1312
5 BETA 1543
6 BNKK 1871
7 BRNX 2199
8 BRTX 2527
9 BTOG 2855
10 CANF 3183
11 CCHH 3436
12 CDIO 3764
13 CETX 4092
14 CGTL 4420
15 CIIT 4748
16 CRE 5052
17 CSAI 5380
18 CUPR 5708
19 CURX 5988
20 DCOY 6316
21 DKI 6608
22 DSY 6936
23 DXST 7264
24 EDBL 7592
25 EEIQ 7920
26 EHGO 8248
27 ELAB 8576
28 ELPW 8904
29 ENPH 9232
30 ERNA 9560
31 EZRA 9888
32 FBLG 10216
33 FCUV 10544
34 FRSX 10872
35 GCTK 11200
36 GRML 11528
37 GWAV 11856
38 HCAI 12184
39 HCTI 12512
40 HCWB 12840
41 HUBC 13168
42 IMCC 13496
43 IPDN 13824
44 IPST 14152
45 IZM 14480
46 JAGX 14808
47 KWM 15136
48 LEXX 15464
49 LIMN 15792
50 LNAI 16120
51 LRHC 16448
52 MF 16776
53 MGN 17034
54 MNDR 17362
55 MSGY 17677
56 NCT 18005
57 NIKI 18333
58 NIVF 18661
59 NRSN 18989
60 NUWE 19317
61 NXTT 19645
62 OMH 19973
63 ONCO 20301
64 PAVS 20629
65 PFSA 20957
66 PIII 21285
67 PPBT 21613
68 PPCB 21941
69 RBNE 22269
70 RUBI 22565
71 SLXN 22893
72 SMX 23221
73 SNAL 23549
74 SPHL 23877
75 SPRC 24205
76 STKH 24533
77 SVRE 24861
78 SVRN 25189
79 SXTC 25517
80 SXTP 25845
81 TDIC 26149
82 TRUG 26477
83 TVGN 26805
84 UPC 27133
85 VEEE 27461
86 WHLR 27789
87 WKHS 28117
88 WLDS 28445
89 WNW 28773
90 WORX 29101
91 XAIR 29429
92 YMT 29714
93 YYAI 30042
94 ZCMD 30370
95 ZNB 30698
/home/user/Super_Stocks/fm_forensics/phase3/out/bot_states.csv.gz 30698 symbols 95
