units 88 · controls 164
U AMIX 2026-08-24 ENTRY ⟵ REJECTED / base REJECT
U ATPC 2026-09-14 FOCUS ⟵ NO_BARS / base NO_BARS
U BETA 2026-04-06 WATCH ⟵ REJECTED / base TOO_FEW_BARS
U BRTX 2026-10-05 WATCH ⟵ FOCUS / base REJECT
U BRTX 2026-10-05 WATCH ⟵ FOCUS / base REJECT
U CANF 2026-07-20 WATCH ⟵ REJECTED / base REJECT
U CANF 2026-07-31 WATCH ⟵ REJECTED / base REJECT
U CANF 2026-08-03 WATCH ⟵ REJECTED / base REJECT
U CANF 2026-08-03 WATCH ⟵ REJECTED / base REJECT
U CANF 2026-08-03 WATCH ⟵ REJECTED / base REJECT
U CDIO 2026-01-28 WATCH ⟵ REJECTED / base REJECT
U CDIO 2026-01-28 WATCH ⟵ REJECTED / base REJECT
U CETX 2026-09-14 FOCUS ⟵ READY / base PASS
U CIIT 2026-09-25 WATCH ⟵ WATCH / base REJECT
U CIIT 2026-09-25 WATCH ⟵ WATCH / base REJECT
U CIIT 2026-09-28 WATCH ⟵ WATCH / base REJECT
U CIIT 2026-09-28 WATCH ⟵ WATCH / base REJECT
U CRE 2025-08-04 ENTRY ⟵ INSUFFICIENT_DATA / base TOO_FEW_BARS
U CUPR 2026-09-14 FOCUS ⟵ WATCH / base REJECT
U DCOY 2026-09-22 WATCH ⟵ FOCUS / base REJECT
U DCOY 2026-09-22 WATCH ⟵ FOCUS / base REJECT
U DKI 2026-09-14 FOCUS ⟵ FOCUS / base REJECT
U DKI 2026-09-14 FOCUS ⟵ FOCUS / base REJECT
U DXST 2026-06-16 WATCH ⟵ REJECTED / base REJECT
U DXST 2026-06-16 WATCH ⟵ REJECTED / base REJECT
U DXST 2026-08-04 WATCH ⟵ WATCH / base PASS
U DXST 2026-08-04 WATCH ⟵ WATCH / base PASS
U EDBL 2026-09-22 WATCH ⟵ WATCH / base REJECT
U EHGO 2026-05-22 WATCH ⟵ REJECTED / base REJECT
U EHGO 2026-05-22 WATCH ⟵ REJECTED / base REJECT
U EHGO 2026-05-22 WATCH ⟵ REJECTED / base REJECT
U ELAB 2026-04-13 WATCH ⟵ REJECTED / base REJECT
U ELPW 2026-01-22 WATCH ⟵ FOCUS / base REJECT
U FRSX 2026-03-30 WATCH ⟵ REJECTED / base REJECT
U GCTK 2026-09-24 READY ⟵ FOCUS / base REJECT
U HUBC 2026-04-24 WATCH ⟵ REJECTED / base REJECT
U IPDN 2026-09-23 WATCH ⟵ REJECTED / base REJECT
U LABT 2026-07-27 WATCH ⟵ NO_BARS / base NO_BARS
U LABT 2026-08-24 WATCH ⟵ NO_BARS / base NO_BARS
U LIMN 2026-09-22 WATCH ⟵ READY / base PASS
U LIMN 2026-09-22 WATCH ⟵ READY / base PASS
U MI 2026-09-28 WATCH ⟵ NO_BARS / base NO_BARS
U MNDR 2026-07-31 WATCH ⟵ REJECTED / base REJECT
U MNDR 2026-07-31 WATCH ⟵ REJECTED / base REJECT
U MNDR 2026-07-31 WATCH ⟵ REJECTED / base REJECT
U MSGY 2026-09-14 FOCUS ⟵ READY / base REJECT
U NRSN 2026-09-28 WATCH ⟵ WATCH / base REJECT
U NUWE 2026-07-28 WATCH ⟵ FOCUS / base REJECT
U NUWE 2026-09-04 WATCH ⟵ FOCUS / base REJECT
U OMH 2026-09-28 WATCH ⟵ WATCH / base REJECT
U OMH 2026-09-28 WATCH ⟵ WATCH / base REJECT
U OMH 2026-09-28 WATCH ⟵ WATCH / base REJECT
U OMH 2026-09-28 WATCH ⟵ WATCH / base REJECT
U ONCO 2026-07-27 WATCH ⟵ REJECTED / base REJECT
U ONCO 2026-07-27 WATCH ⟵ REJECTED / base REJECT
U ONCO 2026-07-27 WATCH ⟵ REJECTED / base REJECT
U ONCO 2026-07-27 WATCH ⟵ REJECTED / base REJECT
U ONCO 2026-07-27 WATCH ⟵ REJECTED / base REJECT
U ONCO 2026-07-27 WATCH ⟵ REJECTED / base REJECT
U PIII 2026-05-18 READY ⟵ REJECTED / base REJECT
U PPBT 2026-09-04 WATCH ⟵ REJECTED / base REJECT
U PPBT 2026-09-04 WATCH ⟵ REJECTED / base REJECT
U PPBT 2026-09-04 WATCH ⟵ REJECTED / base REJECT
U SLXN 2026-08-06 WATCH ⟵ FOCUS / base REJECT
U SMX 2026-04-27 WATCH ⟵ REJECTED / base REJECT
U SMX 2026-05-26 WATCH ⟵ REJECTED / base REJECT
U SPRC 2026-07-17 READY ⟵ WATCH / base REJECT
U SPRC 2026-07-17 READY ⟵ WATCH / base REJECT
U SPRC 2026-07-20 WATCH ⟵ WATCH / base REJECT
U STKH 2026-09-04 WATCH ⟵ REJECTED / base REJECT
U SVRE 2026-09-14 FOCUS ⟵ WATCH / base REJECT
U SXTC 2026-09-10 READY ⟵ REJECTED / base REJECT
U SXTC 2026-09-11 ENTRY ⟵ REJECTED / base REJECT
U SXTC 2026-09-14 FOCUS ⟵ REJECTED / base REJECT
U SXTC 2026-09-14 FOCUS ⟵ REJECTED / base REJECT
U SXTC 2026-09-24 ENTRY ⟵ REJECTED / base REJECT
U TRUG 2026-03-30 WATCH ⟵ REJECTED / base REJECT
U UNK 2026-07-31 WATCH ⟵ NO_BARS / base NO_BARS
U UPC 2026-07-31 READY ⟵ FOCUS / base REJECT
U WORX 2026-04-13 WATCH ⟵ FOCUS / base REJECT
U WORX 2026-04-13 WATCH ⟵ FOCUS / base REJECT
U WORX 2026-04-13 WATCH ⟵ FOCUS / base REJECT
U YMT 2026-09-04 WATCH ⟵ REJECTED / base REJECT
U YMT 2026-09-04 WATCH ⟵ REJECTED / base REJECT
U YMT 2026-09-14 FOCUS ⟵ REJECTED / base REJECT
U ZCMD 2026-07-02 WATCH ⟵ REJECTED / base REJECT
U ZNB 2026-08-03 WATCH ⟵ REJECTED / base REJECT
U ZNB 2026-08-03 WATCH ⟵ REJECTED / base REJECT
C GRML 2025-08-04 ⟵ WATCH / base REJECT
C AZI 2025-08-04 ⟵ WATCH / base REJECT
C CSAI 2025-08-04 ⟵ READY / base PASS
C WCT 2025-08-04 ⟵ WATCH / base REJECT
C RETO 2026-01-22 ⟵ FOCUS / base REJECT
C FTFT 2026-01-22 ⟵ FOCUS / base REJECT
C IPST 2026-01-22 ⟵ WATCH / base REJECT
C YYAI 2026-01-22 ⟵ WATCH / base REJECT
C GVH 2026-01-28 ⟵ HOLD / base REJECT
C INDP 2026-01-28 ⟵ WATCH / base REJECT
C MKDW 2026-01-28 ⟵ FOCUS / base REJECT
C QCLS 2026-01-28 ⟵ WATCH / base PASS
C BNKK 2026-03-30 ⟵ FOCUS / base PASS
C CNSP 2026-03-30 ⟵ WATCH / base REJECT
C BENF 2026-03-30 ⟵ WATCH / base REJECT
C BGMS 2026-03-30 ⟵ WATCH / base REJECT
C FCUV 2026-03-30 ⟵ FOCUS / base REJECT
C ZSTK 2026-03-30 ⟵ HOLD / base REJECT
C ERNA 2026-03-30 ⟵ FOCUS / base REJECT
C RETO 2026-03-30 ⟵ WATCH / base REJECT
C CGTL 2026-04-06 ⟵ WATCH / base REJECT
C KELYB 2026-04-06 ⟵ WATCH / base REJECT
C MEDS 2026-04-06 ⟵ FOCUS / base REJECT
C GTBP 2026-04-06 ⟵ READY / base REJECT
C BIAF 2026-04-13 ⟵ WATCH / base REJECT
C LRHC 2026-04-13 ⟵ FOCUS / base REJECT
C HTCO 2026-04-13 ⟵ FOCUS / base REJECT
C AEHL 2026-04-13 ⟵ WATCH / base PASS
C WKHS 2026-04-13 ⟵ FOCUS / base REJECT
C TAOP 2026-04-13 ⟵ READY / base REJECT
C TGL 2026-04-13 ⟵ HOLD / base REJECT
C FRGT 2026-04-13 ⟵ READY / base REJECT
C ARTL 2026-04-27 ⟵ FOCUS / base REJECT
C BIAF 2026-04-27 ⟵ FOCUS / base REJECT
C BRNX 2026-04-27 ⟵ WATCH / base REJECT
C ASST 2026-04-27 ⟵ WATCH / base PASS
C WSHP 2026-05-18 ⟵ WATCH / base PASS
C NFE 2026-05-18 ⟵ WATCH / base REJECT
C AMOD 2026-05-18 ⟵ WATCH / base REJECT
C ALP 2026-05-18 ⟵ WATCH / base REJECT
C AZI 2026-05-22 ⟵ WATCH / base PASS
C BTTC 2026-05-22 ⟵ WATCH / base REJECT
C GDHG 2026-05-22 ⟵ WATCH / base REJECT
C CCHH 2026-05-22 ⟵ WATCH / base REJECT
C EEIQ 2026-06-16 ⟵ WATCH / base REJECT
C AIFA 2026-06-16 ⟵ WATCH / base REJECT
C PMAX 2026-06-16 ⟵ WATCH / base PASS
C FRGT 2026-06-16 ⟵ WATCH / base REJECT
C LHSW 2026-07-02 ⟵ WATCH / base REJECT
C HTCO 2026-07-02 ⟵ WATCH / base REJECT
C FRGT 2026-07-02 ⟵ WATCH / base REJECT
C TDIC 2026-07-02 ⟵ WATCH / base PASS
C WCT 2026-07-17 ⟵ WATCH / base REJECT
C LRHC 2026-07-17 ⟵ WATCH / base REJECT
C YYAI 2026-07-17 ⟵ WATCH / base REJECT
C AEMD 2026-07-17 ⟵ HOLD / base REJECT
C GIPR 2026-07-20 ⟵ HOLD / base REJECT
C JZ 2026-07-20 ⟵ HOLD / base REJECT
C FCUV 2026-07-20 ⟵ WATCH / base REJECT
C FRGT 2026-07-20 ⟵ WATCH / base REJECT
C CYPH 2026-07-27 ⟵ WATCH / base REJECT
C BEAT 2026-07-27 ⟵ READY / base PASS
C CLIK 2026-07-27 ⟵ WATCH / base PASS
C BTCT 2026-07-27 ⟵ WATCH / base REJECT
C WCT 2026-07-28 ⟵ FOCUS / base REJECT
C FRGT 2026-07-28 ⟵ WATCH / base REJECT
C NIVF 2026-07-28 ⟵ FOCUS / base REJECT
C HCTI 2026-07-28 ⟵ READY / base REJECT
C WCT 2026-07-31 ⟵ FOCUS / base REJECT
C FRGT 2026-07-31 ⟵ READY / base PASS
C SXTP 2026-07-31 ⟵ FOCUS / base REJECT
C MGN 2026-07-31 ⟵ FOCUS / base PASS
C NXXT 2026-07-31 ⟵ WATCH / base REJECT
C SUNE 2026-07-31 ⟵ WATCH / base REJECT
C TNMG 2026-07-31 ⟵ WATCH / base PASS
C YDES 2026-07-31 ⟵ WATCH / base REJECT
C JZ 2026-08-03 ⟵ WATCH / base REJECT
C TNMG 2026-08-03 ⟵ WATCH / base PASS
C LHSW 2026-08-03 ⟵ WATCH / base REJECT
C CPOP 2026-08-03 ⟵ FOCUS / base REJECT
C MEDS 2026-08-06 ⟵ WATCH / base REJECT
C FTFT 2026-08-06 ⟵ FOCUS / base REJECT
C JZ 2026-08-06 ⟵ WATCH / base REJECT
C WCT 2026-08-06 ⟵ WATCH / base REJECT
C AEHL 2026-08-24 ⟵ WATCH / base REJECT
C CSAI 2026-08-24 ⟵ WATCH / base REJECT
C BIAF 2026-08-24 ⟵ WATCH / base REJECT
C VWAV 2026-08-24 ⟵ WATCH / base REJECT
C TGL 2026-09-04 ⟵ WATCH / base REJECT
C CGTL 2026-09-04 ⟵ WATCH / base REJECT
C AIFA 2026-09-04 ⟵ WATCH / base REJECT
C CPOP 2026-09-04 ⟵ HOLD / base PASS
C AEMD 2026-09-04 ⟵ FOCUS / base REJECT
C TNMG 2026-09-04 ⟵ WATCH / base REJECT
C LHSW 2026-09-04 ⟵ WATCH / base REJECT
C FRGT 2026-09-04 ⟵ FOCUS / base REJECT
C AEMD 2026-09-04 ⟵ FOCUS / base REJECT
C TNMG 2026-09-04 ⟵ WATCH / base REJECT
C LHSW 2026-09-04 ⟵ WATCH / base REJECT
C FRGT 2026-09-04 ⟵ FOCUS / base REJECT
C TDIC 2026-09-14 ⟵ FOCUS / base REJECT
C CCHH 2026-09-14 ⟵ READY / base PASS
C AIFA 2026-09-14 ⟵ WATCH / base REJECT
C RAYA 2026-09-14 ⟵ READY / base REJECT
C CURX 2026-09-14 ⟵ WATCH / base PASS
C ERNA 2026-09-14 ⟵ WATCH / base REJECT
C WKHS 2026-09-14 ⟵ WATCH / base REJECT
C BNKK 2026-09-14 ⟵ WATCH / base REJECT
C CLIK 2026-09-14 ⟵ FOCUS / base REJECT
C CURX 2026-09-14 ⟵ WATCH / base PASS
C WKHS 2026-09-14 ⟵ WATCH / base REJECT
C BNKK 2026-09-14 ⟵ WATCH / base REJECT
C CPOP 2026-09-14 ⟵ FOCUS / base REJECT
C CURX 2026-09-14 ⟵ WATCH / base PASS
C CSAI 2026-09-14 ⟵ WATCH / base REJECT
C ERNA 2026-09-14 ⟵ WATCH / base REJECT
C IZM 2026-09-22 ⟵ READY / base REJECT
C RAYA 2026-09-22 ⟵ WATCH / base REJECT
C SXTP 2026-09-22 ⟵ READY / base PASS
C FBLG 2026-09-22 ⟵ WATCH / base REJECT
C AZI 2026-09-22 ⟵ WATCH / base PASS
C TDIC 2026-09-22 ⟵ FOCUS / base PASS
C BNKK 2026-09-22 ⟵ WATCH / base REJECT
C WKHS 2026-09-22 ⟵ WATCH / base REJECT
C TDIC 2026-09-22 ⟵ FOCUS / base PASS
C AZI 2026-09-22 ⟵ WATCH / base PASS
C WKHS 2026-09-22 ⟵ WATCH / base REJECT
C BNKK 2026-09-22 ⟵ WATCH / base REJECT
C AIXI 2026-09-23 ⟵ FOCUS / base REJECT
C PFSA 2026-09-23 ⟵ FOCUS / base REJECT
C BRNX 2026-09-23 ⟵ WATCH / base PASS
C CPOP 2026-09-23 ⟵ FOCUS / base REJECT
C NIKI 2026-09-24 ⟵ READY / base PASS
C AMOD 2026-09-24 ⟵ FOCUS / base REJECT
C LRHC 2026-09-24 ⟵ READY / base REJECT
C CLIK 2026-09-24 ⟵ WATCH / base REJECT
C IPST 2026-09-25 ⟵ FOCUS / base REJECT
C IZM 2026-09-25 ⟵ WATCH / base REJECT
C CGTL 2026-09-25 ⟵ WATCH / base PASS
C RAYA 2026-09-25 ⟵ WATCH / base REJECT
C TVGN 2026-09-28 ⟵ WATCH / base REJECT
C IZM 2026-09-28 ⟵ WATCH / base REJECT
C CPOP 2026-09-28 ⟵ WATCH / base REJECT
C MF 2026-09-28 ⟵ WATCH / base REJECT
C FBLG 2026-09-28 ⟵ FOCUS / base REJECT
C SXTP 2026-09-28 ⟵ WATCH / base PASS
C ERNA 2026-09-28 ⟵ READY / base REJECT
C RAYA 2026-09-28 ⟵ WATCH / base REJECT
C UCAR 2026-10-05 ⟵ WATCH / base REJECT
C SXTP 2026-10-05 ⟵ WATCH / base PASS
C CGTL 2026-10-05 ⟵ WATCH / base REJECT
C FBLG 2026-10-05 ⟵ FOCUS / base REJECT
C ARTL 2026-04-24 ⟵ FOCUS / base REJECT
C BIAF 2026-04-24 ⟵ FOCUS / base REJECT
C HTCO 2026-04-24 ⟵ WATCH / base REJECT
C ALP 2026-04-24 ⟵ FOCUS / base REJECT
C AEMD 2026-09-10 ⟵ FOCUS / base PASS
C TNMG 2026-09-10 ⟵ WATCH / base REJECT
C FBLG 2026-09-10 ⟵ WATCH / base REJECT
C VEEA 2026-09-10 ⟵ WATCH / base REJECT
C DLXY 2026-09-14 ⟵ WATCH / base REJECT
C QCLS 2026-09-14 ⟵ FOCUS / base REJECT
C NXXT 2026-09-14 ⟵ FOCUS / base REJECT
C HTCO 2026-09-14 ⟵ WATCH / base REJECT
L AMIX faisal 2026-08-24 engine None (+) base None (+) scanned 61
L BETA faisal 2026-04-06 engine None (+) base None (+) scanned 61
L BRTX faisal 2026-10-05 engine 2026-07-10 (+60) base 2026-07-15 (+57) scanned 4
L CANF faisal 2026-07-20 engine None (+) base None (+) scanned 61
L CDIO faisal 2026-01-28 engine None (+) base None (+) scanned 61
L CETX faisal 2026-09-14 engine 2026-06-30 (+52) base 2026-08-20 (+16) scanned 45
L CIIT faisal 2026-09-25 engine 2026-07-10 (+54) base 2026-09-09 (+12) scanned 49
L CRE faisal 2025-08-04 engine None (+) base None (+) scanned 61
L CUPR faisal 2026-09-14 engine 2026-07-14 (+43) base 2026-07-28 (+33) scanned 28
L DCOY faisal 2026-09-22 engine 2026-06-26 (+60) base 2026-08-14 (+26) scanned 35
L DKI faisal 2026-09-14 engine 2026-07-02 (+50) base 2026-08-03 (+29) scanned 32
L DXST faisal 2026-06-16 engine 2026-04-09 (+47) base 2026-04-28 (+34) scanned 27
L EDBL faisal 2026-09-22 engine 2026-06-26 (+60) base 2026-09-08 (+10) scanned 51
L EHGO faisal 2026-05-22 engine None (+) base None (+) scanned 61
L ELAB faisal 2026-04-13 engine 2026-01-30 (+49) base None (+) scanned 61
L ELPW faisal 2026-01-22 engine 2025-10-29 (+57) base 2025-10-30 (+56) scanned 5
L FRSX faisal 2026-03-30 engine None (+) base None (+) scanned 61
L GCTK faisal 2026-09-24 engine 2026-06-30 (+60) base 2026-07-27 (+42) scanned 19
L HUBC faisal 2026-04-24 engine 2026-02-10 (+51) base None (+) scanned 61
L IPDN faisal 2026-09-23 engine 2026-06-29 (+60) base 2026-07-10 (+52) scanned 9
L LIMN faisal 2026-09-22 engine 2026-06-26 (+60) base 2026-07-02 (+56) scanned 5
L MNDR faisal 2026-07-31 engine 2026-05-22 (+47) base 2026-06-12 (+33) scanned 28
L MSGY faisal 2026-09-14 engine 2026-06-17 (+60) base 2026-06-26 (+54) scanned 7
L NRSN faisal 2026-09-28 engine 2026-07-28 (+43) base 2026-07-28 (+43) scanned 18
L NUWE faisal 2026-07-28 engine 2026-04-30 (+60) base 2026-05-05 (+57) scanned 4
L OMH faisal 2026-09-28 engine 2026-07-02 (+60) base 2026-07-14 (+53) scanned 8
L ONCO faisal 2026-07-27 engine None (+) base None (+) scanned 61
L PIII faisal 2026-05-18 engine 2026-04-01 (+32) base 2026-04-06 (+30) scanned 31
L PPBT faisal 2026-09-04 engine 2026-06-10 (+60) base 2026-07-22 (+32) scanned 29
L SLXN faisal 2026-08-06 engine 2026-05-13 (+58) base 2026-05-13 (+58) scanned 3
L SMX faisal 2026-04-27 engine 2026-03-09 (+34) base 2026-03-09 (+34) scanned 27
L SPRC faisal 2026-07-17 engine 2026-04-21 (+60) base None (+) scanned 61
L STKH faisal 2026-09-04 engine 2026-06-10 (+60) base None (+) scanned 61
L SVRE faisal 2026-09-14 engine 2026-06-17 (+60) base 2026-08-25 (+13) scanned 48
L SXTC faisal 2026-09-10 engine 2026-06-15 (+60) base 2026-06-15 (+60) scanned 1
L TRUG faisal 2026-03-30 engine None (+) base None (+) scanned 61
L UPC faisal 2026-07-31 engine 2026-05-06 (+59) base 2026-05-18 (+51) scanned 10
L WORX faisal 2026-04-13 engine 2026-03-25 (+12) base 2026-04-07 (+4) scanned 57
L YMT faisal 2026-09-04 engine None (+) base None (+) scanned 61
L ZCMD faisal 2026-07-02 engine None (+) base None (+) scanned 61
L ZNB faisal 2026-08-03 engine 2026-05-06 (+60) base 2026-05-13 (+55) scanned 6
CL GRML 2025-08-04 engine 2025-07-30 base None
CL AZI 2025-08-04 engine 2025-07-10 base None
CL CSAI 2025-08-04 engine 2025-07-24 base 2025-07-24
CL WCT 2025-08-04 engine 2025-06-27 base None
CL RETO 2026-01-22 engine 2025-10-24 base 2025-10-24
CL FTFT 2026-01-22 engine 2025-11-05 base 2025-11-17
CL IPST 2026-01-22 engine 2025-10-31 base 2025-12-16
CL YYAI 2026-01-22 engine 2025-11-25 base 2025-12-02
CL GVH 2026-01-28 engine 2025-10-30 base 2025-11-19
CL INDP 2026-01-28 engine 2025-10-30 base 2025-11-05
CL MKDW 2026-01-28 engine 2025-10-30 base 2025-10-30
CL QCLS 2026-01-28 engine 2025-12-29 base 2026-01-26
CL BNKK 2026-03-30 engine 2026-01-05 base 2026-02-17
CL CNSP 2026-03-30 engine 2025-12-31 base 2026-01-07
CL BENF 2026-03-30 engine 2026-02-20 base None
CL BGMS 2026-03-30 engine 2025-12-31 base 2026-01-09
CL FCUV 2026-03-30 engine 2026-01-20 base 2026-03-04
CL ZSTK 2026-03-30 engine 2026-02-23 base 2026-02-23
CL ERNA 2026-03-30 engine 2025-12-31 base 2026-03-02
CL RETO 2026-03-30 engine 2025-12-31 base 2026-02-10
CL CGTL 2026-04-06 engine 2026-01-07 base None
CL KELYB 2026-04-06 engine 2026-03-03 base 2026-03-20
CL MEDS 2026-04-06 engine 2026-01-07 base 2026-02-03
CL GTBP 2026-04-06 engine 2026-01-07 base 2026-01-22
CL BIAF 2026-04-13 engine 2026-01-14 base 2026-02-02
CL LRHC 2026-04-13 engine 2026-01-14 base 2026-03-31
CL HTCO 2026-04-13 engine 2026-01-14 base 2026-02-06
CL AEHL 2026-04-13 engine 2026-01-22 base 2026-01-30
CL WKHS 2026-04-13 engine 2026-01-14 base 2026-01-20
CL TAOP 2026-04-13 engine 2026-01-14 base 2026-02-13
CL TGL 2026-04-13 engine 2026-01-14 base 2026-03-20
CL FRGT 2026-04-13 engine 2026-01-14 base 2026-03-03
CL ARTL 2026-04-27 engine 2026-01-29 base None
CL BIAF 2026-04-27 engine 2026-01-29 base 2026-02-02
CL BRNX 2026-04-27 engine 2026-01-29 base 2026-04-01
CL ASST 2026-04-27 engine 2026-01-29 base 2026-04-27
CL WSHP 2026-05-18 engine 2026-05-11 base 2026-05-11
CL NFE 2026-05-18 engine 2026-02-20 base 2026-02-25
CL AMOD 2026-05-18 engine 2026-02-27 base 2026-03-16
CL ALP 2026-05-18 engine 2026-02-20 base 2026-03-09
CL AZI 2026-05-22 engine 2026-03-06 base 2026-04-22
CL BTTC 2026-05-22 engine 2026-02-26 base 2026-02-26
CL GDHG 2026-05-22 engine 2026-02-26 base None
CL CCHH 2026-05-22 engine 2026-03-27 base 2026-04-21
CL EEIQ 2026-06-16 engine 2026-03-20 base 2026-05-14
CL AIFA 2026-06-16 engine 2026-03-20 base 2026-03-20
CL PMAX 2026-06-16 engine 2026-04-06 base 2026-06-11
CL FRGT 2026-06-16 engine 2026-03-20 base 2026-03-20
CL LHSW 2026-07-02 engine 2026-04-07 base 2026-04-08
CL HTCO 2026-07-02 engine 2026-04-07 base None
CL FRGT 2026-07-02 engine 2026-04-07 base 2026-04-30
CL TDIC 2026-07-02 engine 2026-04-07 base 2026-07-02
CL WCT 2026-07-17 engine 2026-04-21 base None
CL LRHC 2026-07-17 engine 2026-05-07 base None
CL YYAI 2026-07-17 engine 2026-04-21 base 2026-05-05
CL AEMD 2026-07-17 engine 2026-04-21 base 2026-05-18
CL GIPR 2026-07-20 engine 2026-04-22 base 2026-06-24
CL JZ 2026-07-20 engine 2026-04-22 base None
CL FCUV 2026-07-20 engine 2026-05-08 base 2026-05-08
CL FRGT 2026-07-20 engine 2026-04-22 base 2026-04-30
CL CYPH 2026-07-27 engine 2026-04-29 base None
CL BEAT 2026-07-27 engine 2026-04-29 base 2026-04-29
CL CLIK 2026-07-27 engine 2026-04-30 base 2026-07-01
CL BTCT 2026-07-27 engine 2026-04-29 base 2026-05-13
CL WCT 2026-07-28 engine 2026-04-30 base None
CL FRGT 2026-07-28 engine 2026-04-30 base 2026-04-30
CL NIVF 2026-07-28 engine 2026-04-30 base 2026-07-24
CL HCTI 2026-07-28 engine 2026-05-18 base 2026-05-18
CL WCT 2026-07-31 engine 2026-05-05 base None
CL FRGT 2026-07-31 engine 2026-05-05 base 2026-07-24
CL SXTP 2026-07-31 engine 2026-05-05 base 2026-05-12
CL MGN 2026-07-31 engine 2026-05-05 base 2026-05-20
CL NXXT 2026-07-31 engine 2026-06-18 base 2026-07-09
CL SUNE 2026-07-31 engine 2026-07-02 base None
CL TNMG 2026-07-31 engine 2026-05-06 base 2026-05-12
CL YDES 2026-07-31 engine 2026-05-05 base 2026-06-09
CL JZ 2026-08-03 engine 2026-05-06 base None
CL TNMG 2026-08-03 engine 2026-05-06 base 2026-05-12
CL LHSW 2026-08-03 engine 2026-05-06 base None
CL CPOP 2026-08-03 engine 2026-05-06 base 2026-05-06
CL MEDS 2026-08-06 engine 2026-05-11 base 2026-06-24
CL FTFT 2026-08-06 engine 2026-05-11 base 2026-06-04
CL JZ 2026-08-06 engine 2026-05-11 base None
CL WCT 2026-08-06 engine 2026-05-11 base None
CL AEHL 2026-08-24 engine 2026-06-15 base None
CL CSAI 2026-08-24 engine 2026-05-28 base 2026-06-03
CL BIAF 2026-08-24 engine 2026-05-28 base 2026-07-07
CL VWAV 2026-08-24 engine 2026-05-28 base 2026-06-11
CL TGL 2026-09-04 engine 2026-06-10 base 2026-06-25
CL CGTL 2026-09-04 engine 2026-07-02 base 2026-07-17
CL AIFA 2026-09-04 engine 2026-06-16 base None
CL CPOP 2026-09-04 engine 2026-07-29 base 2026-09-02
CL AEMD 2026-09-04 engine 2026-06-10 base 2026-07-20
CL TNMG 2026-09-04 engine 2026-06-10 base 2026-06-15
CL LHSW 2026-09-04 engine 2026-06-10 base 2026-08-17
CL FRGT 2026-09-04 engine 2026-06-10 base 2026-07-24
CL AEMD 2026-09-04 engine 2026-06-10 base 2026-07-20
CL TNMG 2026-09-04 engine 2026-06-10 base 2026-06-15
CL LHSW 2026-09-04 engine 2026-06-10 base 2026-08-17
CL FRGT 2026-09-04 engine 2026-06-10 base 2026-07-24
CL TDIC 2026-09-14 engine 2026-07-02 base 2026-07-02
CL CCHH 2026-09-14 engine 2026-07-07 base 2026-09-14
CL AIFA 2026-09-14 engine 2026-06-17 base None
CL RAYA 2026-09-14 engine 2026-07-22 base 2026-07-22
CL CURX 2026-09-14 engine 2026-06-17 base 2026-06-17
CL ERNA 2026-09-14 engine 2026-06-17 base 2026-06-24
CL WKHS 2026-09-14 engine 2026-06-17 base 2026-06-17
CL BNKK 2026-09-14 engine 2026-06-17 base 2026-07-10
CL CLIK 2026-09-14 engine 2026-07-01 base 2026-07-01
CL CURX 2026-09-14 engine 2026-06-17 base 2026-06-17
CL WKHS 2026-09-14 engine 2026-06-17 base 2026-06-17
CL BNKK 2026-09-14 engine 2026-06-17 base 2026-07-10
CL CPOP 2026-09-14 engine 2026-07-29 base 2026-09-02
CL CURX 2026-09-14 engine 2026-06-17 base 2026-06-17
CL CSAI 2026-09-14 engine 2026-06-17 base 2026-06-23
CL ERNA 2026-09-14 engine 2026-06-17 base 2026-06-24
CL IZM 2026-09-22 engine 2026-07-06 base 2026-08-18
CL RAYA 2026-09-22 engine 2026-07-22 base 2026-07-22
CL SXTP 2026-09-22 engine 2026-06-26 base 2026-07-30
CL FBLG 2026-09-22 engine 2026-06-26 base 2026-07-23
CL AZI 2026-09-22 engine 2026-07-23 base 2026-07-27
CL TDIC 2026-09-22 engine 2026-07-02 base 2026-07-02
CL BNKK 2026-09-22 engine 2026-06-26 base 2026-07-10
CL WKHS 2026-09-22 engine 2026-06-26 base 2026-07-14
CL TDIC 2026-09-22 engine 2026-07-02 base 2026-07-02
CL AZI 2026-09-22 engine 2026-07-23 base 2026-07-27
CL WKHS 2026-09-22 engine 2026-06-26 base 2026-07-14
CL BNKK 2026-09-22 engine 2026-06-26 base 2026-07-10
CL AIXI 2026-09-23 engine 2026-07-16 base None
CL PFSA 2026-09-23 engine 2026-08-13 base None
CL BRNX 2026-09-23 engine 2026-07-09 base 2026-07-27
CL CPOP 2026-09-23 engine 2026-07-29 base 2026-09-02
CL NIKI 2026-09-24 engine 2026-06-30 base 2026-09-21
CL AMOD 2026-09-24 engine 2026-06-30 base 2026-06-30
CL LRHC 2026-09-24 engine 2026-06-30 base 2026-07-23
CL CLIK 2026-09-24 engine 2026-07-01 base 2026-07-01
CL IPST 2026-09-25 engine 2026-07-01 base 2026-08-03
CL IZM 2026-09-25 engine 2026-07-06 base 2026-08-18
CL CGTL 2026-09-25 engine 2026-07-02 base 2026-07-17
CL RAYA 2026-09-25 engine 2026-07-22 base 2026-07-22
CL TVGN 2026-09-28 engine 2026-07-02 base 2026-07-13
CL IZM 2026-09-28 engine 2026-07-06 base 2026-08-18
CL CPOP 2026-09-28 engine 2026-07-29 base 2026-09-02
CL MF 2026-09-28 engine 2026-09-04 base 2026-09-17
CL FBLG 2026-09-28 engine 2026-07-02 base 2026-07-23
CL SXTP 2026-09-28 engine 2026-07-02 base 2026-07-30
CL ERNA 2026-09-28 engine 2026-07-02 base 2026-09-24
CL RAYA 2026-09-28 engine 2026-07-22 base 2026-07-22
CL UCAR 2026-10-05 engine 2026-07-10 base 2026-07-20
CL SXTP 2026-10-05 engine 2026-07-10 base 2026-07-30
CL CGTL 2026-10-05 engine 2026-07-16 base 2026-07-17
CL FBLG 2026-10-05 engine 2026-07-10 base 2026-07-23
CL ARTL 2026-04-24 engine 2026-01-28 base None
CL BIAF 2026-04-24 engine 2026-01-28 base 2026-02-02
CL HTCO 2026-04-24 engine 2026-01-28 base 2026-02-06
CL ALP 2026-04-24 engine 2026-02-05 base 2026-03-09
CL AEMD 2026-09-10 engine 2026-06-15 base 2026-07-20
CL TNMG 2026-09-10 engine 2026-06-15 base 2026-06-15
CL FBLG 2026-09-10 engine 2026-06-15 base 2026-07-23
CL VEEA 2026-09-10 engine 2026-06-15 base 2026-06-22
CL DLXY 2026-09-14 engine 2026-06-17 base 2026-07-20
CL QCLS 2026-09-14 engine 2026-06-17 base 2026-06-17
CL NXXT 2026-09-14 engine 2026-06-18 base 2026-07-09
CL HTCO 2026-09-14 engine 2026-06-26 base 2026-07-22
{
 "units": 83,
 "controls": 164,
 "A_exact": 15,
 "A_compatible": 21,
 "A_miss": 47,
 "A_in_process_pos": [
  0.4337,
  0.3324,
  0.5409
 ],
 "A_in_process_ctl": [
  1.0,
  0.9771,
  1.0
 ],
 "A_LR": 0.434,
 "A_ci_disjoint": false,
 "baseline_pass_pos": [
  0.0602,
  0.026,
  0.1334
 ],
 "baseline_pass_ctl": [
  0.189,
  0.1365,
  0.2558
 ],
 "B_engine_captured": 30,
 "B_base_captured": 26,
 "B_tickers": 41,
 "B_engine_lead_median": 59.5,
 "B_base_lead_median": 38.0,
 "B_ctl_engine_captured": [
  1.0,
  0.9771,
  1.0
 ]
}
